// Jest Snapshot v1, https://goo.gl/fbAQLP

exports[`Rendering when default state should match 1`] = `
<Styled(Container)>
  <Styled(Content)>
    <Styled(Form)>
      <Styled(Item)
        floatingLabel={true}
      >
        <Styled(Label)>
          Friendâ€™s name
        </Styled(Label)>
        <Styled(Input)
          autoCapitalize="words"
          autoFocus={true}
          onChangeText={[Function]}
        />
      </Styled(Item)>
    </Styled(Form)>
  </Styled(Content)>
</Styled(Container)>
`;
