// Jest Snapshot v1, https://goo.gl/fbAQLP

exports[`Rendering when default state should match 1`] = `
<Styled(Container)>
  <Styled(Content)>
    <GridNB>
      <ColumnNB
        size={38}
      >
        <Poster
          url="http://poster.png"
        />
      </ColumnNB>
      <ColumnNB
        size={62}
      >
        <TvshowSheet
          edit={Object {}}
          isEditing={false}
          localizedName="Une sÃ©rie"
          name="A tvshow"
          onChangeName={[Function]}
          year={2017}
        />
      </ColumnNB>
    </GridNB>
    <SeasonList
      seasons={
        Object {
          "allocine": 987,
          "episodes": 1,
          "id": "xxx999",
          "year": 2016,
        }
      }
    />
  </Styled(Content)>
  <SingleFAB
    icon="refresh"
    onPress={[Function]}
  />
  <Connect(Loading)
    color="lightblue"
  />
</Styled(Container)>
`;

exports[`Rendering when no tvshow should match 1`] = `<Styled(Container) />`;
