// Jest Snapshot v1, https://goo.gl/fbAQLP

exports[`Rendering when default state should match 1`] = `
<Provider
  store={
    Object {
      "dispatch": [Function],
      "getState": [Function],
      "replaceReducer": [Function],
      "subscribe": [Function],
    }
  }
>
  <Connect(Root) />
</Provider>
`;
