// Jest Snapshot v1, https://goo.gl/fbAQLP

exports[`Rendering when default state should match 1`] = `
<Styled(Container)>
  <NavigationContainer
    onNavigationStateChange={[Function]}
  />
  <Connect(ToastMessage) />
</Styled(Container)>
`;
