// Jest Snapshot v1, https://goo.gl/fbAQLP

exports[`Rendering when default state should match 1`] = `
<Styled(Container)>
  <Styled(Content)>
    <GridNB>
      <ColumnNB
        size={38}
      >
        <pure(withResponsive(Poster))
          url="http://poster.png"
        />
      </ColumnNB>
      <ColumnNB
        size={62}
      >
        <pure(TvshowSheet)
          edit={Object {}}
          isEditing={false}
          localizedName="Une sÃ©rie"
          name="A tvshow"
          onChangeName={[Function]}
          year={2017}
        />
      </ColumnNB>
    </GridNB>
    <Connect(pure(withHandlers(SeasonList)))
      navigation={
        Object {
          "navigate": [Function],
          "state": Object {
            "params": Object {
              "tvshowId": "abc123",
            },
          },
        }
      }
      seasons={
        Object {
          "allocine": 987,
          "episodes": 1,
          "id": "xxx999",
          "year": 2016,
        }
      }
      tvshowId="abc123"
    />
  </Styled(Content)>
  <pure(SingleFAB)
    icon="refresh"
    onPress={[Function]}
  />
  <Connect(pure(Loading))
    position="nextToFAB"
  />
</Styled(Container)>
`;

exports[`Rendering when no tvshow should match 1`] = `<Styled(Container) />`;
